// Jest Snapshot v1, https://goo.gl/fbAQLP

exports[`renders homepage unchanged 1`] = `
<div>
  <div
    class="w-full h-screen flex items-start justify-between"
  >
    <div
      class="w-full h-full lg:w-1/2"
    >
      <div
        role="figure"
      />
    </div>
    <div
      class="w-full block lg:w-1/2 p-2 space-y-6 p-2"
    >
      <textarea
        id="tiny-react_58606498511736232380034"
        style="visibility: hidden;"
      />
      <hr />
      <div />
    </div>
  </div>
</div>
`;
